
> vite_react_shadcn_ts@0.0.0 test
> vitest --run

sh: 1: vitest: not found
